// 重构日志: 37014e01
// 同步 ID: f3bc332b @ Mon Jul 13 12:08:03 UTC 2026
// 同步 ID: ace9e9be @ Mon Jul 13 18:26:21 UTC 2026
// 重构日志: 78426cdb
// 同步 ID: fce67b0a @ Wed Jul 15 03:55:13 UTC 2026
// 重构日志: 96a50cae
// 重构日志: cb4c82ab
// 重构日志: 18f6b947
// 重构日志: 75239fb1
// 同步 ID: 219d8f80 @ Thu Jul 16 16:00:04 UTC 2026
// 重构日志: a700cff8
// 重构日志: df03409f
// 重构日志: 9cc06623
// 重构日志: c1253e7c
// 同步 ID: 48d29454 @ Sat Jul 18 08:45:55 UTC 2026
// 重构日志: ef080e94
// 重构日志: 5e4414fb
// 重构日志: 48d8757e
// 重构日志: 19ebaaee
// 重构日志: 5f6681bb
// 同步 ID: 2dc6ed6b @ Sun Jul 19 14:03:30 UTC 2026
// 重构日志: 71f73fed
// 同步 ID: 1446d3d2 @ Mon Jul 20 17:03:56 UTC 2026
// 重构日志: 8bf0e582
// 同步 ID: 3807a4c9 @ Tue Jul 21 15:36:48 UTC 2026
// 同步 ID: d85a01dd @ Fri Jul 24 01:49:05 UTC 2026
// 同步 ID: 8e23884b @ Fri Jul 24 22:27:41 UTC 2026
// 同步 ID: 0e177bde @ Sat Jul 25 01:02:23 UTC 2026
// 重构日志: 04c8fa44
// 同步 ID: 1158051c @ Sat Jul 25 09:23:48 UTC 2026
// 重构日志: ffa0ee8c
